====================================================================================================
CERT SET: baseline-retuned
7pt-retuned: q=6, p=1/2736 (0.000365497076), eps=891/200000 (0.004455); 9pt-final: q=8, p=1/2500 (0.0004), eps=15211/2500000 (0.0060844)
scan m=9..1000
feasible m count: 204
best m = 219
R = Phi_m(A_max) = 1.2667878440823898735206850217299035003918359247259838481706781566857570247138031
tau = [1.8575951094226675e-05, 0.0003796704791224785]
tax = sum tau_q q (m-q) = 0.664623834257165398650
B = 0.67331697714247131332316253755936886341632364057506554365530512936594020213754448
neighbourhood:
  m=214: B=0.673316935228216059466522244098 tau=[1.529376636293526e-05, 0.00038326250209240356]
  m=215: B=0.673316950307033810575588888335 tau=[1.5934094405348854e-05, 0.0003825617270827859]
  m=216: B=0.673316961970158278698066858611 tau=[1.65827011609142e-05, 0.0003818518918494959]
  m=217: B=0.673316970286028776966130752558 tau=[1.7239359537025625e-05, 0.0003811332449226786]
  m=218: B=0.673316975321618651939451291233 tau=[1.7903848135708757e-05, 0.0003804060286002806]
  m=219: B=0.673316977142471313323162537559 tau=[1.8575951094226675e-05, 0.0003796704791224785]
  m=220: B=0.673316975812735250264723534679 tau=[1.9255457930822366e-05, 0.0003789268268405079]
  m=221: B=0.673316971395198064436781662842 tau=[1.9942163395311106e-05, 0.0003781752963801716]
  m=222: B=0.673316963951319555269959442776 tau=[2.0635867324395153e-05, 0.00037741610680018213]
  m=223: B=0.673316953541263887333344964298 tau=[2.133637450153415e-05, 0.00037664947174552145]
  m=224: B=0.673316940223930861836815315189 tau=[2.204349452118838e-05, 0.0003758755995960116]
best verification ok = True (bad 0)
====================================================================================================
CERT SET: f9-mapped-retuned7
7pt-retuned: q=6, p=1/2736 (0.000365497076), eps=891/200000 (0.004455); 9pt-F8>=392/100000: q=8, p=1/4000 (0.00025), eps=49/12500 (0.00392)
scan m=9..1000
feasible m count: 279
best m = 243
R = Phi_m(A_max) = 1.0551887288101694853620815239873166901859764595255567915756873683960262491803482
tau = [0.0003652733571372011, 0.0]
tax = sum tau_q q (m-q) = 0.5194187138490999642
B = 0.67324296599100963646426769827546847054074013441994916576104800354500467377791050
neighbourhood:
  m=238: B=0.673242868702285007382798495560 tau=[0.00036542268977529327, 0.0]
  m=239: B=0.673242902754855978731355626694 tau=[0.0003653989163966911, 0.0]
  m=240: B=0.673242929373089400956429350922 tau=[0.00036537203622479485, 0.0]
  m=241: B=0.673242948695288478895730862105 tau=[0.0003653421101034881, 0.0]
  m=242: B=0.673242960856986236906648371070 tau=[0.00036530919762049323, 0.0]
  m=243: B=0.673242965991009636464267698275 tau=[0.0003652733571372011, 0.0]
  m=244: B=0.673242964227541987450955055793 tau=[0.000365234645817685, 0.0]
  m=245: B=0.673242955694183696203654412507 tau=[0.0003651931196569257, 0.0]
  m=246: B=0.673242940516011409694955615813 tau=[0.00036514883350827047, 0.0]
  m=247: B=0.673242918815635596422558636998 tau=[0.000365101841110151, 0.0]
  m=248: B=0.673242890713256617246256472809 tau=[0.0003650521951120819, 0.0]
best verification ok = True (bad 0)
====================================================================================================
CERT SET: f9-mapped-canon7
7pt-F6>=19/5000: q=6, p=1/3000 (0.0003333333333), eps=19/5000 (0.0038); 9pt-F8>=392/100000: q=8, p=1/4000 (0.00025), eps=49/12500 (0.00392)
scan m=9..1000
feasible m count: 317
best m = 280
R = Phi_m(A_max) = 1.0652948420632715743513818430375161131657908562393906776552834024988378903198954
tau = [0.0, 0.00024977838996456507]
tax = sum tau_q q (m-q) = 0.54351777656289359232
B = 0.67307671058405433184994788683486535766243353342853917133082712335933018063260389
neighbourhood:
  m=275: B=0.673076662522486341031101884825 tau=[0.0, 0.00024989272331510864]
  m=276: B=0.673076680724792502938573920924 tau=[0.0, 0.0002498729101717094]
  m=277: B=0.673076694562038075719060741055 tau=[0.0, 0.00024985154377836483]
  m=278: B=0.673076704104900147813125372345 tau=[0.0, 0.00024982865086166595]
  m=279: B=0.673076709422825292166011600998 tau=[0.0, 0.0002498042576662055]
  m=280: B=0.673076710584054331849947886835 tau=[0.0, 0.00024977838996456507]
  m=281: B=0.673076707655646515796533903698 tau=[0.0, 0.0002497510730670661]
  m=282: B=0.673076700703503149501702282444 tau=[0.0, 0.0002497223318312874]
  m=283: B=0.673076689792390673194788332789 tau=[0.0, 0.0002496921906713583]
  m=284: B=0.673076674985963210336378519325 tau=[0.0, 0.0002496606735670324]
  m=285: B=0.673076656346784604262487750022 tau=[0.0, 0.0002496278040725473]
best verification ok = True (bad 0)
====================================================================================================
CERT SET: f9-mapped-retuned7-demo-k10
7pt-retuned: q=6, p=1/2736 (0.000365497076), eps=891/200000 (0.004455); 9pt-F8>=392/100000: q=8, p=1/4000 (0.00025), eps=49/12500 (0.00392); 10pt-SYNTHETIC-DEMO-ONLY: q=9, p=1/4500 (0.0002222222222), eps=79/20000 (0.00395)
scan m=9..1000
feasible m count: 279
best m = 243
R = Phi_m(A_max) = 1.0551887288101694853620815239873166901859764595255567915756873683960262491803482
tau = [0.0003652733571372011, 0.0, 0.0]
tax = sum tau_q q (m-q) = 0.5194187138490999642
B = 0.67324296599100963646426769827546847054074013441994916576104800354500467377791050
neighbourhood:
  m=238: B=0.673242868702285007382798495560 tau=[0.00036542268977529327, 0.0, 0.0]
  m=239: B=0.673242902754855978731355626694 tau=[0.0003653989163966911, 0.0, 0.0]
  m=240: B=0.673242929373089400956429350922 tau=[0.00036537203622479485, 0.0, 0.0]
  m=241: B=0.673242948695288478895730862105 tau=[0.0003653421101034881, 0.0, 0.0]
  m=242: B=0.673242960856986236906648371070 tau=[0.00036530919762049323, 0.0, 0.0]
  m=243: B=0.673242965991009636464267698275 tau=[0.0003652733571372011, 0.0, 0.0]
  m=244: B=0.673242964227541987450955055793 tau=[0.000365234645817685, 0.0, 0.0]
  m=245: B=0.673242955694183696203654412507 tau=[0.0003651931196569257, 0.0, 0.0]
  m=246: B=0.673242940516011409694955615813 tau=[0.00036514883350827047, 0.0, 0.0]
  m=247: B=0.673242918815635596422558636998 tau=[0.000365101841110151, 0.0, 0.0]
  m=248: B=0.673242890713256617246256472809 tau=[0.0003650521951120819, 0.0, 0.0]
best verification ok = True (bad 0)
====================================================================================================
Illustrative exact A_q(219) for the f9-mapped set (m=219):
  7pt-retuned: q=6, A_q(219)=189783/200000=0.948915
  9pt-F8>=392/100000: q=8, A_q(219)=10339/12500=0.82712
